// Jest Snapshot v1, https://goo.gl/fbAQLP

exports[`Render Components from App Render App 1`] = `null`;
